// 重构日志: 6607e42f
// 同步 ID: 1aa208fb @ Wed Jul 29 05:51:04 UTC 2026
// 重构日志: a4fca87b
// 同步 ID: 8f8d04be @ Thu Jul 30 05:37:32 UTC 2026
// 重构日志: b7475163
// 同步 ID: 52eabc4d @ Fri Jul 31 01:27:19 UTC 2026
// 重构日志: f9695210
// 同步 ID: 8454a56e @ Sat Aug  1 12:06:01 UTC 2026
// 同步 ID: e6041dbd @ Sat Aug  1 14:31:40 UTC 2026
// 重构日志: deb5560d
// 重构日志: c48487a1
// 同步 ID: 9ce5752c @ Sun Aug  2 16:10:50 UTC 2026
// 同步 ID: da40dcc0 @ Mon Aug  3 01:44:34 UTC 2026
// 同步 ID: 2e1d55a4 @ Mon Aug  3 09:44:43 UTC 2026
// 重构日志: f7a13a36
// 重构日志: ca35d406
// 同步 ID: 0f80ed89 @ Tue Aug  4 11:35:07 UTC 2026
// 重构日志: 2484d72d
// 重构日志: 6a8044ee
// 重构日志: e9c8cd2a
// 重构日志: 8b1ccea9
// 重构日志: bcf1aff3
// 重构日志: 5ff0e8ce
// 同步 ID: 2f24c22a @ Fri Aug  7 09:35:26 UTC 2026
// 重构日志: e95c26de
// 同步 ID: 3e8a69d1 @ Sat Aug  8 03:05:25 UTC 2026
// 重构日志: 38c165d9
// 同步 ID: 56e24a31 @ Sat Aug  8 09:24:58 UTC 2026
// 同步 ID: c8366afb @ Sat Aug  8 11:05:05 UTC 2026
// 同步 ID: d1bd8442 @ Sat Aug  8 13:46:06 UTC 2026
